../Core/Src/main.c:103:5:main	8	static
../Core/Src/main.c:158:6:SystemClock_Config	88	static
../Core/Src/main.c:204:13:MX_ADC1_Init	24	static
../Core/Src/main.c:256:13:MX_I2C1_Init	8	static
../Core/Src/main.c:303:13:MX_I2C2_Init	8	static
../Core/Src/main.c:351:13:MX_SPI1_Init	8	static
../Core/Src/main.c:391:13:MX_SPI4_Init	8	static
../Core/Src/main.c:430:13:MX_TIM3_Init	40	static
../Core/Src/main.c:475:13:MX_UART4_Init	8	static
../Core/Src/main.c:510:13:MX_USART3_UART_Init	8	static
../Core/Src/main.c:545:13:MX_USART6_UART_Init	8	static
../Core/Src/main.c:580:13:MX_USB_OTG_FS_PCD_Init	8	static
../Core/Src/main.c:613:13:MX_DMA_Init	16	static
../Core/Src/main.c:668:13:MX_GPIO_Init	56	static
../Core/Src/main.c:731:6:Error_Handler	4	static,ignoring_inline_asm
