../Core/Src/main.c:103:5:main	8	static
../Core/Src/main.c:158:6:SystemClock_Config	88	static
../Core/Src/main.c:208:13:MX_ADC1_Init	24	static
../Core/Src/main.c:260:13:MX_I2C1_Init	8	static
../Core/Src/main.c:308:13:MX_I2C2_Init	8	static
../Core/Src/main.c:356:13:MX_SPI1_Init	8	static
../Core/Src/main.c:396:13:MX_SPI4_Init	8	static
../Core/Src/main.c:435:13:MX_TIM7_Init	24	static
../Core/Src/main.c:473:13:MX_UART4_Init	8	static
../Core/Src/main.c:508:13:MX_USART3_UART_Init	8	static
../Core/Src/main.c:543:13:MX_USART6_UART_Init	8	static
../Core/Src/main.c:578:13:MX_USB_OTG_FS_PCD_Init	8	static
../Core/Src/main.c:611:13:MX_DMA_Init	16	static
../Core/Src/main.c:666:13:MX_GPIO_Init	56	static
../Core/Src/main.c:729:6:Error_Handler	4	static,ignoring_inline_asm
