../Core/Src/stm32f7xx_it.c:89:6:NMI_Handler	4	static
../Core/Src/stm32f7xx_it.c:104:6:HardFault_Handler	4	static
../Core/Src/stm32f7xx_it.c:119:6:MemManage_Handler	4	static
../Core/Src/stm32f7xx_it.c:134:6:BusFault_Handler	4	static
../Core/Src/stm32f7xx_it.c:149:6:UsageFault_Handler	4	static
../Core/Src/stm32f7xx_it.c:164:6:SVC_Handler	4	static
../Core/Src/stm32f7xx_it.c:177:6:DebugMon_Handler	4	static
../Core/Src/stm32f7xx_it.c:190:6:PendSV_Handler	4	static
../Core/Src/stm32f7xx_it.c:203:6:SysTick_Handler	8	static
../Core/Src/stm32f7xx_it.c:224:6:DMA1_Stream2_IRQHandler	8	static
../Core/Src/stm32f7xx_it.c:238:6:DMA1_Stream3_IRQHandler	8	static
../Core/Src/stm32f7xx_it.c:252:6:DMA1_Stream4_IRQHandler	8	static
../Core/Src/stm32f7xx_it.c:266:6:DMA1_Stream5_IRQHandler	8	static
../Core/Src/stm32f7xx_it.c:280:6:DMA1_Stream6_IRQHandler	8	static
../Core/Src/stm32f7xx_it.c:294:6:ADC_IRQHandler	8	static
../Core/Src/stm32f7xx_it.c:308:6:I2C1_EV_IRQHandler	8	static
../Core/Src/stm32f7xx_it.c:322:6:I2C1_ER_IRQHandler	8	static
../Core/Src/stm32f7xx_it.c:336:6:I2C2_EV_IRQHandler	8	static
../Core/Src/stm32f7xx_it.c:350:6:I2C2_ER_IRQHandler	8	static
../Core/Src/stm32f7xx_it.c:364:6:SPI1_IRQHandler	8	static
../Core/Src/stm32f7xx_it.c:378:6:DMA1_Stream7_IRQHandler	8	static
../Core/Src/stm32f7xx_it.c:392:6:UART4_IRQHandler	8	static
../Core/Src/stm32f7xx_it.c:406:6:TIM7_IRQHandler	8	static
../Core/Src/stm32f7xx_it.c:420:6:DMA2_Stream0_IRQHandler	8	static
../Core/Src/stm32f7xx_it.c:434:6:DMA2_Stream1_IRQHandler	8	static
../Core/Src/stm32f7xx_it.c:448:6:DMA2_Stream2_IRQHandler	8	static
../Core/Src/stm32f7xx_it.c:462:6:DMA2_Stream3_IRQHandler	8	static
../Core/Src/stm32f7xx_it.c:476:6:DMA2_Stream4_IRQHandler	8	static
../Core/Src/stm32f7xx_it.c:490:6:DMA2_Stream5_IRQHandler	8	static
../Core/Src/stm32f7xx_it.c:504:6:DMA2_Stream6_IRQHandler	8	static
../Core/Src/stm32f7xx_it.c:518:6:USART6_IRQHandler	8	static
../Core/Src/stm32f7xx_it.c:532:6:SPI4_IRQHandler	8	static
